/* tslint:disable */
/* eslint-disable */
declare module "node-config-ts" {
  interface IConfig {
    type: string
    port: number
    maxRetries: number
    secret: undefined
  }
  export const config: Config
  export type Config = IConfig
}
